// Jest Snapshot v1, https://goo.gl/fbAQLP

exports[`should render Login component 1`] = `
<div>
  <h2>
    Login here!
  </h2>
  <button
    type="button"
  >
    Log In
  </button>
</div>
`;
